MAP
  CONFIG "MS_ERRORFILE" "stderr"
  DEBUG 5
  EXTENT -180 -90 180 90
  IMAGETYPE "png"
  NAME "test00-3333-tmpDlp22N"
  SIZE -1 -1
  STATUS ON
  UNITS METERS

  OUTPUTFORMAT
    NAME "png"
    MIMETYPE "image/png"
    DRIVER "AGG/PNG"
    EXTENSION "png"
    IMAGEMODE RGB
    TRANSPARENT FALSE
  END # OUTPUTFORMAT

  PROJECTION
    "init=epsg:4326"
  END # PROJECTION
  LEGEND
    KEYSIZE 20 10
    KEYSPACING 5 5
    LABEL
      SIZE MEDIUM
      OFFSET 0 0
      SHADOWSIZE 1 1
      TYPE BITMAP
    END # LABEL
    STATUS OFF
  END # LEGEND

  QUERYMAP
    SIZE -1 -1
    STATUS OFF
    STYLE HILITE
  END # QUERYMAP

  SCALEBAR
    INTERVALS 4
    LABEL
      SIZE MEDIUM
      OFFSET 0 0
      SHADOWSIZE 1 1
      TYPE BITMAP
    END # LABEL
    SIZE 200 3
    STATUS OFF
    UNITS MILES
  END # SCALEBAR

  WEB
    METADATA
      "wcs_label"	"Simple WPS process test."
      "wms_onlineresource"	"http://localhost/cgi-bin/mapserv?map=/var/vis_data_factory/wpsoutputs/wps3333-tmpDlp22N.map"
      "ows_country"	"Austria"
      "ows_keywordlist"	"WPS"
      "wms_abstract"	"Development version of PyWPS. See http://pywps.wald.intevation.org"
      "ows_city"	"Vienna"
      "ows_contactperson"	"n/a"
      "ows_contactposition"	"n/a"
      "ows_role"	"n/a"
      "ows_enable_request"	"*"
      "ows_contactorganization"	"EOX IT Services GmbH"
      "ows_accessconstraints"	"none"
      "ows_title"	"PyWPS Development Server"
      "ows_fees"	"None"
      "wcs_abstract"	"Development version of PyWPS. See http://pywps.wald.intevation.org"
      "ows_contactelectronicmailaddress"	"admin@eox.org"
      "wfs_abstract"	"Development version of PyWPS. See http://pywps.wald.intevation.org"
      "ows_address"	"Thurngasse 8/4"
      "ows_postcode"	"1090"
    END # METADATA
  END # WEB

END # MAP
